00:37:29 **** Auto Build of configuration Debug for project lasercom ****
make pre-build main-build 
a9-linaro-pre-build-step
 
Building file: ../src/main.c
Invoking: ARM v7 gcc compiler
arm-none-eabi-gcc -Wall -O0 -g3 -c -fmessage-length=0 -MT"src/main.o" -mcpu=cortex-a9 -mfpu=vfpv3 -mfloat-abi=hard -I../../lasercom_bsp/ps7_cortexa9_0/include -MMD -MP -MF"src/main.d" -MT"src/main.o" -o "src/main.o" "../src/main.c"
Finished building: ../src/main.c
 
Building target: lasercom.elf
Invoking: ARM v7 gcc linker
arm-none-eabi-gcc -mcpu=cortex-a9 -mfpu=vfpv3 -mfloat-abi=hard -Wl,-build-id=none -specs=Xilinx.spec -Wl,-T -Wl,../src/lscript.ld -L../../lasercom_bsp/ps7_cortexa9_0/lib -o "lasercom.elf" ./src/main.o   -Wl,--start-group,-lxil,-lgcc,-lc,--end-group
Finished building target: lasercom.elf
 
Invoking: ARM v7 Print Size
arm-none-eabi-size lasercom.elf  |tee "lasercom.elf.size"
   text	   data	    bss	    dec	    hex	filename
  23788	   1248	  22680	  47716	   ba64	lasercom.elf
Finished building: lasercom.elf.size
 

00:37:31 Build Finished (took 1s.292ms)

